[debug] [2026-10-07T07:11:40.542Z] ----------------------------------------------------------------------
[debug] [2026-10-07T07:11:40.543Z] Command:       /opt/homebrew/Cellar/node@24/24.19.0/bin/node /opt/homebrew/bin/firebase hosting:sites:create wts-scratch-design --project wts-scratch-4838
[debug] [2026-10-07T07:11:40.544Z] CLI Version:   15.32.1
[debug] [2026-10-07T07:11:40.544Z] Platform:      darwin
[debug] [2026-10-07T07:11:40.544Z] Node Version:  v24.19.0
[debug] [2026-10-07T07:11:40.544Z] Detected Agent: unknown
[debug] [2026-10-07T07:11:40.544Z] Time:          Wed Oct 07 2026 14:11:40 GMT+0700 (Western Indonesia Time)
[debug] [2026-10-07T07:11:40.544Z] ----------------------------------------------------------------------
[debug] 
[debug] [2026-10-07T07:11:40.619Z] > command requires scopes: ["email","openid","https://www.googleapis.com/auth/cloudplatformprojects.readonly","https://www.googleapis.com/auth/firebase","https://www.googleapis.com/auth/cloud-platform"]
[debug] [2026-10-07T07:11:40.619Z] > authorizing via signed-in user (nuckygunawan@gmail.com)
[debug] [2026-10-07T07:11:40.619Z] [iam] checking project wts-scratch-4838 for permissions ["firebase.projects.get","firebasehosting.sites.update"]
[debug] [2026-10-07T07:11:40.624Z] Checked if tokens are valid: false, expires at: 1791355500880
[debug] [2026-10-07T07:11:40.624Z] Checked if tokens are valid: false, expires at: 1791355500880
[debug] [2026-10-07T07:11:40.624Z] > refreshing access token with scopes: []
[debug] [2026-10-07T07:11:40.625Z] >>> [apiv2][query] POST https://www.googleapis.com/oauth2/v3/token [none]
[debug] [2026-10-07T07:11:40.625Z] >>> [apiv2][body] POST https://www.googleapis.com/oauth2/v3/token [omitted]
[debug] [2026-10-07T07:11:40.973Z] <<< [apiv2][status] POST https://www.googleapis.com/oauth2/v3/token 200
[debug] [2026-10-07T07:11:40.973Z] <<< [apiv2][body] POST https://www.googleapis.com/oauth2/v3/token [omitted]
[debug] [2026-10-07T07:11:40.987Z] >>> [apiv2][query] POST https://cloudresourcemanager.googleapis.com/v1/projects/wts-scratch-4838:testIamPermissions [none]
[debug] [2026-10-07T07:11:40.987Z] >>> [apiv2][(partial)header] POST https://cloudresourcemanager.googleapis.com/v1/projects/wts-scratch-4838:testIamPermissions  x-goog-user-project=wts-scratch-4838
[debug] [2026-10-07T07:11:40.987Z] >>> [apiv2][body] POST https://cloudresourcemanager.googleapis.com/v1/projects/wts-scratch-4838:testIamPermissions {"permissions":["firebase.projects.get","firebasehosting.sites.update"]}
[debug] [2026-10-07T07:11:41.387Z] <<< [apiv2][status] POST https://cloudresourcemanager.googleapis.com/v1/projects/wts-scratch-4838:testIamPermissions 200
[debug] [2026-10-07T07:11:41.387Z] <<< [apiv2][body] POST https://cloudresourcemanager.googleapis.com/v1/projects/wts-scratch-4838:testIamPermissions {"permissions":["firebase.projects.get","firebasehosting.sites.update"]}
[debug] [2026-10-07T07:11:41.388Z] Checked if tokens are valid: true, expires at: 1791360699973
[debug] [2026-10-07T07:11:41.388Z] Checked if tokens are valid: true, expires at: 1791360699973
[debug] [2026-10-07T07:11:41.389Z] >>> [apiv2][query] GET https://serviceusage.googleapis.com/v1/projects/wts-scratch-4838/services/cloudresourcemanager.googleapis.com [none]
[debug] [2026-10-07T07:11:41.389Z] >>> [apiv2][(partial)header] GET https://serviceusage.googleapis.com/v1/projects/wts-scratch-4838/services/cloudresourcemanager.googleapis.com  x-goog-user-project=wts-scratch-4838
[debug] [2026-10-07T07:11:42.990Z] <<< [apiv2][status] GET https://serviceusage.googleapis.com/v1/projects/wts-scratch-4838/services/cloudresourcemanager.googleapis.com 200
[debug] [2026-10-07T07:11:42.990Z] <<< [apiv2][body] GET https://serviceusage.googleapis.com/v1/projects/wts-scratch-4838/services/cloudresourcemanager.googleapis.com [omitted]
[debug] [2026-10-07T07:11:42.999Z] Checked if tokens are valid: true, expires at: 1791360699973
[debug] [2026-10-07T07:11:42.999Z] Checked if tokens are valid: true, expires at: 1791360699973
[debug] [2026-10-07T07:11:42.999Z] >>> [apiv2][query] GET https://cloudresourcemanager.googleapis.com/v1/projects/wts-scratch-4838 [none]
[debug] [2026-10-07T07:11:43.316Z] <<< [apiv2][status] GET https://cloudresourcemanager.googleapis.com/v1/projects/wts-scratch-4838 200
[debug] [2026-10-07T07:11:43.316Z] <<< [apiv2][body] GET https://cloudresourcemanager.googleapis.com/v1/projects/wts-scratch-4838 {"projectNumber":"834430959053","projectId":"wts-scratch-4838","lifecycleState":"ACTIVE","name":"WTS Scratch","labels":{"firebase":"enabled","firebase-core":"disabled"},"createTime":"2026-10-07T05:48:07.657Z"}
[debug] [2026-10-07T07:11:43.317Z] Checked if tokens are valid: true, expires at: 1791360699973
[debug] [2026-10-07T07:11:43.317Z] Checked if tokens are valid: true, expires at: 1791360699973
[debug] [2026-10-07T07:11:43.317Z] >>> [apiv2][query] POST https://firebasehosting.googleapis.com/v1beta1/projects/834430959053/sites siteId=wts-scratch-design&validateOnly=true
[debug] [2026-10-07T07:11:43.317Z] >>> [apiv2][body] POST https://firebasehosting.googleapis.com/v1beta1/projects/834430959053/sites {"appId":""}
[debug] [2026-10-07T07:11:44.755Z] <<< [apiv2][status] POST https://firebasehosting.googleapis.com/v1beta1/projects/834430959053/sites 409
[debug] [2026-10-07T07:11:44.755Z] <<< [apiv2][body] POST https://firebasehosting.googleapis.com/v1beta1/projects/834430959053/sites {"error":{"code":409,"message":"Site `projects/834430959053/sites/wts-scratch-design` already exists.","status":"ALREADY_EXISTS"}}
[warn] ⚠  Request to https://firebasehosting.googleapis.com/v1beta1/projects/834430959053/sites?siteId=wts-scratch-design&validateOnly=true had HTTP Error: 409, Site `projects/834430959053/sites/wts-scratch-design` already exists. 
[debug] [2026-10-07T07:17:22.929Z] ExitPromptError: User force closed the prompt with SIGINT
    at Interface.sigint (/opt/homebrew/lib/node_modules/firebase-tools/node_modules/@inquirer/core/dist/commonjs/lib/create-prompt.js:101:37)
    at Interface.emit (node:events:509:28)
    at [_ttyWrite] [as _ttyWrite] (node:internal/readline/interface:1327:18)
    at ReadStream.onkeypress (node:internal/readline/interface:284:20)
    at ReadStream.emit (node:events:521:24)
    at emitKeys (node:internal/readline/utils:371:14)
    at emitKeys.next (<anonymous>)
    at ReadStream.onData (node:internal/readline/emitKeypressEvents:64:36)
    at ReadStream.emit (node:events:509:28)
    at addChunk (node:internal/streams/readable:563:12)
[error] 
[error] Error: An unexpected error has occurred.
